#! /c/iverilog/bin/vvp
:ivl_version "0.9.7 " "(v0_9_7)";
:vpi_time_precision - 12;
:vpi_module "system";
:vpi_module "v2005_math";
:vpi_module "va_math";
S_01118590 .scope module, "instruction_memory_tb" "instruction_memory_tb" 2 3;
 .timescale -9 -12;
v0111CAC8_0 .net "instruction", 31 0, L_0111BDF0; 1 drivers
v0111CB20_0 .var "pc", 31 0;
S_01118A58 .scope module, "dut" "instruction_memory" 2 8, 3 1, S_01118590;
 .timescale -9 -12;
L_0111BDF0 .functor BUFZ 32, L_011172A0, C4<00000000000000000000000000000000>, C4<00000000000000000000000000000000>, C4<00000000000000000000000000000000>;
v01117B50_0 .net *"_s0", 31 0, L_011172A0; 1 drivers
v01112B00_0 .net *"_s3", 29 0, L_011172F8; 1 drivers
v01112B58 .array "imem", 255 0, 31 0;
v01112BB0_0 .alias "instruction", 31 0, v0111CAC8_0;
v0111CA70_0 .net "pc", 31 0, v0111CB20_0; 1 drivers
L_011172A0 .array/port v01112B58, L_011172F8;
L_011172F8 .part v0111CB20_0, 2, 30;
    .scope S_01118A58;
T_0 ;
    %movi 8, 5243027, 32;
   %ix/load 1, 0, 0;
   %ix/load 3, 0, 0;
   %set/av v01112B58, 8, 32;
    %movi 8, 10486035, 32;
   %ix/load 1, 0, 0;
   %ix/load 3, 1, 0;
   %set/av v01112B58, 8, 32;
    %movi 8, 2130355, 32;
   %ix/load 1, 0, 0;
   %ix/load 3, 2, 0;
   %set/av v01112B58, 8, 32;
    %movi 8, 3153955, 32;
   %ix/load 1, 0, 0;
   %ix/load 3, 3, 0;
   %set/av v01112B58, 8, 32;
    %movi 8, 8707, 32;
   %ix/load 1, 0, 0;
   %ix/load 3, 4, 0;
   %set/av v01112B58, 8, 32;
    %end;
    .thread T_0;
    .scope S_01118590;
T_1 ;
    %vpi_call 2 18 "$dumpfile", "instruction_memory_tb.vcd";
    %vpi_call 2 19 "$dumpvars", 1'sb0, S_01118590;
    %end;
    .thread T_1;
    .scope S_01118590;
T_2 ;
    %vpi_call 2 27 "$monitor", "T=%0t PC=%0d INDEX=%0d INSTRUCTION=%h", $time, v0111CB20_0, &PV<v0111CB20_0, 2, 30>, v0111CAC8_0;
    %end;
    .thread T_2;
    .scope S_01118590;
T_3 ;
    %movi 8, 5243027, 32;
   %ix/load 1, 0, 0;
   %ix/load 3, 0, 0;
   %set/av v01112B58, 8, 32;
    %movi 8, 10486035, 32;
   %ix/load 1, 0, 0;
   %ix/load 3, 1, 0;
   %set/av v01112B58, 8, 32;
    %movi 8, 2130355, 32;
   %ix/load 1, 0, 0;
   %ix/load 3, 2, 0;
   %set/av v01112B58, 8, 32;
    %movi 8, 3153955, 32;
   %ix/load 1, 0, 0;
   %ix/load 3, 3, 0;
   %set/av v01112B58, 8, 32;
    %movi 8, 8707, 32;
   %ix/load 1, 0, 0;
   %ix/load 3, 4, 0;
   %set/av v01112B58, 8, 32;
    %set/v v0111CB20_0, 0, 32;
    %delay 2000, 0;
    %load/v 8, v0111CAC8_0, 32;
    %movi 40, 5243027, 32;
    %cmp/u 8, 40, 32;
    %jmp/0xz  T_3.0, 4;
    %vpi_call 2 55 "$display", "PASS : PC = 0";
    %jmp T_3.1;
T_3.0 ;
    %vpi_call 2 57 "$display", "FAIL : PC = 0";
T_3.1 ;
    %movi 8, 4, 32;
    %set/v v0111CB20_0, 8, 32;
    %delay 2000, 0;
    %load/v 8, v0111CAC8_0, 32;
    %movi 40, 10486035, 32;
    %cmp/u 8, 40, 32;
    %jmp/0xz  T_3.2, 4;
    %vpi_call 2 67 "$display", "PASS : PC = 4";
    %jmp T_3.3;
T_3.2 ;
    %vpi_call 2 69 "$display", "FAIL : PC = 4";
T_3.3 ;
    %movi 8, 8, 32;
    %set/v v0111CB20_0, 8, 32;
    %delay 2000, 0;
    %load/v 8, v0111CAC8_0, 32;
    %movi 40, 2130355, 32;
    %cmp/u 8, 40, 32;
    %jmp/0xz  T_3.4, 4;
    %vpi_call 2 79 "$display", "PASS : PC = 8";
    %jmp T_3.5;
T_3.4 ;
    %vpi_call 2 81 "$display", "FAIL : PC = 8";
T_3.5 ;
    %movi 8, 12, 32;
    %set/v v0111CB20_0, 8, 32;
    %delay 2000, 0;
    %load/v 8, v0111CAC8_0, 32;
    %movi 40, 3153955, 32;
    %cmp/u 8, 40, 32;
    %jmp/0xz  T_3.6, 4;
    %vpi_call 2 91 "$display", "PASS : PC = 12";
    %jmp T_3.7;
T_3.6 ;
    %vpi_call 2 93 "$display", "FAIL : PC = 12";
T_3.7 ;
    %movi 8, 1, 32;
    %set/v v0111CB20_0, 8, 32;
    %delay 2000, 0;
    %load/v 8, v0111CAC8_0, 32;
    %movi 40, 5243027, 32;
    %cmp/u 8, 40, 32;
    %jmp/0xz  T_3.8, 4;
    %vpi_call 2 103 "$display", "PASS : Address 1";
    %jmp T_3.9;
T_3.8 ;
    %vpi_call 2 106 "$display", "FAIL : Address 1";
T_3.9 ;
    %movi 8, 2, 32;
    %set/v v0111CB20_0, 8, 32;
    %delay 2000, 0;
    %load/v 8, v0111CAC8_0, 32;
    %movi 40, 5243027, 32;
    %cmp/u 8, 40, 32;
    %jmp/0xz  T_3.10, 4;
    %vpi_call 2 112 "$display", "PASS : Address 2";
    %jmp T_3.11;
T_3.10 ;
    %vpi_call 2 115 "$display", "FAIL : Address 2";
T_3.11 ;
    %movi 8, 3, 32;
    %set/v v0111CB20_0, 8, 32;
    %delay 2000, 0;
    %load/v 8, v0111CAC8_0, 32;
    %movi 40, 5243027, 32;
    %cmp/u 8, 40, 32;
    %jmp/0xz  T_3.12, 4;
    %vpi_call 2 121 "$display", "PASS : Address 3";
    %jmp T_3.13;
T_3.12 ;
    %vpi_call 2 124 "$display", "FAIL : Address 3";
T_3.13 ;
    %movi 8, 16, 32;
    %set/v v0111CB20_0, 8, 32;
    %delay 2000, 0;
    %load/v 8, v0111CAC8_0, 32;
    %cmpi/u 8, 8707, 32;
    %jmp/0xz  T_3.14, 4;
    %vpi_call 2 134 "$display", "PASS : PC = 16";
    %jmp T_3.15;
T_3.14 ;
    %vpi_call 2 136 "$display", "FAIL : PC = 16";
T_3.15 ;
    %movi 8, 20, 32;
    %set/v v0111CB20_0, 8, 32;
    %delay 2000, 0;
    %vpi_call 2 145 "$display", "INFO : Instruction @20 = %h", v0111CAC8_0;
    %vpi_call 2 149 "$display", "--------------------------------";
    %vpi_call 2 150 "$display", "INSTRUCTION MEMORY TEST COMPLETED";
    %vpi_call 2 151 "$display", "--------------------------------";
    %vpi_call 2 153 "$finish";
    %end;
    .thread T_3;
# The file index is used to find the file name in the following table.
:file_names 4;
    "N/A";
    "<interactive>";
    "tb\instruction_memory_tb.v";
    "rtl\instruction_memory.v";
